1 1787957672.577796197
2 1787957674.982109710
3 1787957677.395068095
4 1787957679.843049708
5 1787957682.235148148
6 1787957684.642821903
7 1787957687.095315911
8 1787957689.544497064
9 1787957692.016244985
10 1787957694.461265219
11 1787957696.894729286
12 1787957699.298535458
13 1787957701.769307156
14 1787957704.208128807
15 1787957706.635830232
16 1787957709.111007193
17 1787957711.538234267
18 1787957714.162084997
19 1787957716.576522902
20 1787957719.032875019
21 1787957721.529245425
22 1787957723.948507446
23 1787957726.385869744
24 1787957728.891984640
25 1787957731.359404776
26 1787957733.906681367
27 1787957736.358925721
28 1787957738.862925334
29 1787957741.320988929
30 1787957743.720905457
31 1787957746.162967866
32 1787957748.701021100
33 1787957751.074807812
34 1787957753.575500879
35 1787957756.009182194
36 1787957758.503294563
37 1787957761.033169319
38 1787957763.506719085
39 1787957765.949018453
40 1787957768.390429714
41 1787957770.881651788
42 1787957773.178810119
43 1787957775.502659692
44 1787957777.841557708
