1 1787958650.034206103
2 1787958652.542790508
3 1787958654.953047050
4 1787958657.383041218
5 1787958659.876146911
6 1787958662.293402601
7 1787958664.765257812
8 1787958667.150653628
9 1787958669.543007161
10 1787958672.022131345
11 1787958674.450368866
12 1787958676.856682964
13 1787958679.298952259
14 1787958681.739027577
15 1787958684.156498759
16 1787958686.606692576
17 1787958689.217515163
18 1787958691.653449777
19 1787958694.098272785
20 1787958696.520589376
21 1787958698.935755383
22 1787958701.393912327
23 1787958703.863017903
24 1787958706.336353320
25 1787958708.738766193
26 1787958711.259334599
27 1787958713.637085220
28 1787958716.036321438
29 1787958718.501058287
30 1787958720.953465291
31 1787958723.391086700
32 1787958725.834153524
33 1787958728.293144436
34 1787958730.767381943
35 1787958733.194077886
36 1787958735.629753191
37 1787958738.095803785
38 1787958740.513219869
39 1787958742.954521504
40 1787958745.415891487
41 1787958747.970850835
42 1787958750.265964031
43 1787958752.560238436
44 1787958754.849202627
45 1787958757.170981404
