1 1787958370.838192702
2 1787958373.174429760
3 1787958375.594989981
4 1787958377.963094403
5 1787958380.315738673
6 1787958382.725776304
7 1787958385.172957384
8 1787958387.566157264
9 1787958389.902065846
10 1787958392.235048050
11 1787958394.565194891
12 1787958396.946225499
13 1787958399.325898647
14 1787958401.713728997
15 1787958404.057718035
16 1787958406.403152825
17 1787958408.877405892
18 1787958411.218443008
19 1787958413.558773283
20 1787958415.868924078
21 1787958418.256419692
22 1787958420.593760241
23 1787958422.932662053
24 1787958425.420587808
25 1787958427.790606012
26 1787958430.156116887
27 1787958432.475377770
28 1787958434.884790852
29 1787958437.235147650
30 1787958439.607676409
31 1787958441.991771786
32 1787958444.387243783
33 1787958446.749162207
34 1787958449.112695563
35 1787958451.447347626
36 1787958453.817704946
37 1787958456.103487581
38 1787958458.458607474
39 1787958460.863818914
40 1787958463.232236413
41 1787958465.603550934
42 1787958467.957408811
43 1787958470.301344184
44 1787958472.554704513
45 1787958474.810337361
46 1787958477.064480547
