1 1787957952.035504322
2 1787957954.372028118
3 1787957956.731017080
4 1787957959.176470192
5 1787957961.548097228
6 1787957963.889872658
7 1787957966.232869992
8 1787957968.643092298
9 1787957971.041838207
10 1787957973.411391006
11 1787957975.749584631
12 1787957978.045028511
13 1787957980.391124910
14 1787957982.717858597
15 1787957985.075849482
16 1787957987.424131522
17 1787957989.777503340
18 1787957992.338256767
19 1787957994.774212284
20 1787957997.117272156
21 1787957999.452565998
22 1787958001.851691993
23 1787958004.216213228
24 1787958006.570437754
25 1787958008.930952110
26 1787958011.359095274
27 1787958013.747100298
28 1787958016.125062353
29 1787958018.484849902
30 1787958020.895871521
31 1787958023.295959577
32 1787958025.609993752
33 1787958027.955394673
34 1787958030.400959417
35 1787958032.777663044
36 1787958035.118686185
37 1787958037.451082541
38 1787958039.795290928
39 1787958042.144194183
40 1787958044.481686105
41 1787958046.909664334
42 1787958049.275569313
43 1787958051.586149730
44 1787958053.833467201
45 1787958056.081528475
46 1787958058.315095362
