1 1787958510.924886085
2 1787958513.417514170
3 1787958515.837429400
4 1787958518.351388670
5 1787958520.803457955
6 1787958523.184588519
7 1787958525.669859549
8 1787958528.084144487
9 1787958530.627143222
10 1787958533.118892178
11 1787958535.591278503
12 1787958537.980189779
13 1787958540.406881865
14 1787958542.941192794
15 1787958545.431478788
16 1787958547.926801503
17 1787958550.373010256
18 1787958552.886862570
19 1787958555.385469334
20 1787958557.879205527
21 1787958560.335241381
22 1787958562.844293520
23 1787958565.259530784
24 1787958567.704241135
25 1787958570.263596870
26 1787958572.775508394
27 1787958575.240023361
28 1787958577.722705937
29 1787958580.216303691
30 1787958582.595512604
31 1787958585.042797573
32 1787958587.658588745
33 1787958590.092537670
34 1787958592.513981250
35 1787958595.021797090
36 1787958597.414659608
37 1787958599.834353959
38 1787958602.311856904
39 1787958604.797518881
40 1787958607.211082441
41 1787958609.658881446
42 1787958611.936798880
43 1787958614.217973575
44 1787958616.510418298
