1 1787958091.961483908
2 1787958094.327129782
3 1787958096.655875332
4 1787958099.073785247
5 1787958101.450334807
6 1787958103.925927268
7 1787958106.296617410
8 1787958108.657122828
9 1787958111.032581188
10 1787958113.397544243
11 1787958115.922436157
12 1787958118.306591688
13 1787958120.733022073
14 1787958123.169107058
15 1787958125.587032325
16 1787958127.979605962
17 1787958130.339179257
18 1787958132.721796135
19 1787958135.096410692
20 1787958137.461779295
21 1787958139.804127724
22 1787958142.165717873
23 1787958144.574882777
24 1787958147.022659125
25 1787958149.449362176
26 1787958151.800675455
27 1787958154.229976195
28 1787958156.579164029
29 1787958159.006935635
30 1787958161.348139518
31 1787958163.780039318
32 1787958166.166713460
33 1787958168.700945963
34 1787958171.065313252
35 1787958173.377832218
36 1787958175.784110083
37 1787958178.221597293
38 1787958180.585125800
39 1787958182.917090752
40 1787958185.294266068
41 1787958187.658478091
42 1787958190.061502777
43 1787958192.306342704
44 1787958194.541277157
45 1787958196.798236368
46 1787958199.059176391
