1 1787958230.935068015
2 1787958233.281040043
3 1787958235.657038114
4 1787958237.990789537
5 1787958240.403313289
6 1787958242.800914659
7 1787958245.177360424
8 1787958247.555596874
9 1787958249.929454266
10 1787958252.341043391
11 1787958254.711492521
12 1787958257.013095971
13 1787958259.330762306
14 1787958261.667774566
15 1787958264.145575255
16 1787958266.492863752
17 1787958269.142764201
18 1787958271.516332973
19 1787958273.895405886
20 1787958276.284876931
21 1787958278.706729393
22 1787958281.144355504
23 1787958283.498958667
24 1787958285.866734429
25 1787958288.213127336
26 1787958290.653710215
27 1787958292.972675922
28 1787958295.300972846
29 1787958297.668474885
30 1787958300.080765094
31 1787958302.463985141
32 1787958304.865618675
33 1787958307.239723364
34 1787958309.608010288
35 1787958311.983676155
36 1787958314.371398521
37 1787958316.706754782
38 1787958319.107542649
39 1787958321.503858536
40 1787958323.848465106
41 1787958326.208962133
42 1787958328.577695097
43 1787958330.894473190
44 1787958333.146726422
45 1787958335.390387129
46 1787958337.613770231
