1 1787957813.190699357
2 1787957815.684786434
3 1787957818.203893652
4 1787957820.665908320
5 1787957823.110877926
6 1787957825.545322410
7 1787957828.002077525
8 1787957830.535445886
9 1787957832.955519388
10 1787957835.374549613
11 1787957837.869945204
12 1787957840.413519462
13 1787957842.869692081
14 1787957845.372507848
15 1787957847.856446886
16 1787957850.373450378
17 1787957852.887340086
18 1787957855.364069497
19 1787957857.796681485
20 1787957860.199523578
21 1787957862.661384096
22 1787957865.095354590
23 1787957867.549184640
24 1787957870.162365794
25 1787957872.594072061
26 1787957875.007018558
27 1787957877.450758730
28 1787957879.932649730
29 1787957882.344108240
30 1787957884.761985724
31 1787957887.195874618
32 1787957889.636975029
33 1787957892.085498053
34 1787957894.530554159
35 1787957896.988516251
36 1787957899.446188821
37 1787957901.844431266
38 1787957904.354718835
39 1787957906.860196790
40 1787957909.248690691
41 1787957911.652755343
42 1787957913.958744435
43 1787957916.254691113
44 1787957918.556540926
