1 1787874695.9684 1787874696.1377
2 1787874698.2174 1787874698.5934
3 1787874700.6447 1787874700.8157
4 1787874702.8774 1787874703.0155
5 1787874705.0514 1787874705.1808
6 1787874707.2321 1787874707.4007
7 1787874709.4454 1787874709.6705
8 1787874711.7390 1787874712.0363
9 1787874714.1029 1787874714.6531
10 1787874716.7072 1787874716.8351
11 1787874718.8770 1787874719.0192
12 1787874721.0838 1787874721.4017
13 1787874723.5047 1787874723.7029
14 1787874725.7573 1787874725.9382
15 1787874727.9697 1787874728.0664
16 1787874730.1088 1787874730.2804
17 1787874732.3556 1787874732.6886
18 1787874734.7348 1787874734.9199
19 1787874736.9645 1787874737.0812
20 1787874739.1361 1787874739.7621
21 1787874741.8213 1787874741.9284
22 1787874743.9785 1787874744.2461
23 1787874746.3099 1787874746.7423
24 1787874748.8040 1787874748.9545
25 1787874751.0110 1787874751.2460
26 1787874753.2978 1787874753.4492
27 1787874755.5093 1787874755.6206
28 1787874757.6772 1787874757.8408
29 1787874759.8909 1787874760.0227
30 1787874762.0734 1787874762.1897
31 1787874764.2484 1787874764.3799
32 1787874766.4281 1787874766.5437
33 1787874768.6069 1787874768.7572
34 1787874770.8018 1787874770.9944
35 1787874773.0367 1787874773.1520
36 1787874775.1988 1787874775.3470
37 1787874777.3903 1787874777.4980
38 1787874779.5479 1787874779.7188
39 1787874781.7612 1787874781.9418
40 1787874783.9857 1787874784.1034
41 1787874786.1450 1787874786.2652
42 1787874788.3190 1787874788.4688
43 1787874790.5135 1787874790.7098
44 1787874792.7697 1787874793.0980
45 1787874795.1473 1787874795.2765
46 1787874797.3222 1787874797.5789
47 1787874799.6463 1787874800.2166
48 1787874802.2848 1787874802.5069
