1 1787877329.4494 1787877330.0584
2 1787877332.2478 1787877332.7184
3 1787877334.7587 1787877334.9053
4 1787877336.9642 1787877337.1911
5 1787877339.2353 1787877339.3994
6 1787877341.4670 1787877341.6343
7 1787877343.8264 1787877344.0742
8 1787877346.1936 1787877346.4171
9 1787877348.4639 1787877348.6211
10 1787877350.6699 1787877350.8387
11 1787877352.8968 1787877353.1383
12 1787877355.1703 1787877355.3314
13 1787877357.3790 1787877357.6211
14 1787877359.6715 1787877359.8735
15 1787877361.9215 1787877362.1618
16 1787877364.2269 1787877364.6090
17 1787877366.6609 1787877366.9356
18 1787877369.0200 1787877369.2553
19 1787877371.2982 1787877371.5284
20 1787877373.5870 1787877373.7813
21 1787877375.8180 1787877375.9932
22 1787877378.0462 1787877378.2061
23 1787877380.2786 1787877380.8950
24 1787877382.9484 1787877383.1680
25 1787877385.2430 1787877385.5232
26 1787877387.5769 1787877387.7107
27 1787877389.7579 1787877389.9079
28 1787877391.9655 1787877392.3487
29 1787877394.4205 1787877394.6319
30 1787877396.6744 1787877396.8082
31 1787877398.8785 1787877399.0745
32 1787877401.1189 1787877401.2775
33 1787877403.3158 1787877403.5100
34 1787877405.5443 1787877405.6761
35 1787877407.7155 1787877407.8526
36 1787877409.9221 1787877410.1034
37 1787877412.1489 1787877412.2937
38 1787877414.3303 1787877414.4922
39 1787877416.5244 1787877416.6708
40 1787877418.7117 1787877418.9188
41 1787877420.9614 1787877421.1417
42 1787877423.1979 1787877423.3622
43 1787877425.4199 1787877425.5929
44 1787877427.6299 1787877427.7646
45 1787877429.8122 1787877429.9701
46 1787877432.0191 1787877432.1772
47 1787877434.2168 1787877434.7443
48 1787877436.7976 1787877437.0524
