1 1787876976.7873 1787876977.0977
2 1787876979.1478 1787876979.3819
3 1787876981.4239 1787876981.5348
4 1787876983.5871 1787876983.7850
5 1787876985.8489 1787876986.1518
6 1787876988.1907 1787876988.3854
7 1787876990.4571 1787876990.9195
8 1787876993.0002 1787876993.1721
9 1787876995.2544 1787876995.8047
10 1787876997.8691 1787876998.1548
11 1787877000.2048 1787877000.4690
12 1787877002.5208 1787877002.6691
13 1787877004.7022 1787877004.8146
14 1787877006.8729 1787877007.0882
15 1787877009.2736 1787877009.6777
16 1787877011.7473 1787877011.9217
17 1787877013.9614 1787877014.0955
18 1787877016.1490 1787877016.3744
19 1787877018.4434 1787877018.5927
20 1787877020.6409 1787877020.8398
21 1787877022.9079 1787877023.1681
22 1787877025.2402 1787877025.8112
23 1787877027.8551 1787877027.9654
24 1787877030.0031 1787877030.1076
25 1787877032.2313 1787877032.4200
26 1787877034.5903 1787877034.8011
27 1787877036.8697 1787877037.0477
28 1787877039.0898 1787877039.2270
29 1787877041.2749 1787877041.5293
30 1787877043.5894 1787877043.7682
31 1787877045.8253 1787877046.0121
32 1787877048.0682 1787877048.2304
33 1787877050.2706 1787877050.5051
34 1787877052.5593 1787877052.7393
35 1787877054.7838 1787877054.9306
36 1787877056.9793 1787877057.1453
37 1787877059.1990 1787877059.4095
38 1787877061.4833 1787877061.7276
39 1787877063.8064 1787877064.0601
40 1787877066.1139 1787877066.2414
41 1787877068.2831 1787877068.5040
42 1787877070.5559 1787877070.7284
43 1787877072.7764 1787877072.9726
44 1787877075.0120 1787877075.1184
45 1787877077.1639 1787877077.3515
46 1787877079.4717 1787877080.0143
47 1787877082.0574 1787877082.1933
