1 1787875022.3083 1787875023.0367
2 1787875025.0838 1787875025.2918
3 1787875027.3675 1787875027.7676
4 1787875029.8124 1787875029.9941
5 1787875032.0493 1787875032.2972
6 1787875034.3430 1787875034.6281
7 1787875036.6789 1787875036.8631
8 1787875038.9180 1787875039.2177
9 1787875041.2803 1787875041.5168
10 1787875043.5816 1787875044.1008
11 1787875046.1495 1787875046.3106
12 1787875048.3547 1787875048.5272
13 1787875050.5659 1787875050.7856
14 1787875052.8319 1787875053.0227
15 1787875055.0875 1787875055.5365
16 1787875057.5886 1787875057.7381
17 1787875059.7895 1787875059.9529
18 1787875062.0158 1787875062.1990
19 1787875064.2589 1787875064.6788
20 1787875066.7743 1787875067.1779
21 1787875069.2378 1787875069.5595
22 1787875071.6153 1787875071.8817
23 1787875073.9393 1787875074.5300
24 1787875076.5945 1787875076.8746
25 1787875078.9249 1787875079.2552
26 1787875081.3123 1787875081.6162
27 1787875083.6635 1787875084.0655
28 1787875086.1174 1787875086.3812
29 1787875088.4402 1787875088.8271
30 1787875090.8788 1787875091.0843
31 1787875093.1352 1787875093.5931
32 1787875095.6419 1787875095.8916
33 1787875097.9337 1787875098.1766
34 1787875100.2264 1787875100.4333
35 1787875102.4917 1787875102.6992
36 1787875104.7442 1787875104.9326
37 1787875106.9886 1787875107.3681
38 1787875109.4357 1787875109.6913
39 1787875111.7329 1787875111.9075
40 1787875113.9583 1787875114.2438
41 1787875116.3050 1787875116.5566
42 1787875118.5992 1787875118.7462
43 1787875120.7892 1787875121.0436
44 1787875123.0937 1787875123.4659
45 1787875125.5414 1787875126.1780
46 1787875128.2351 1787875128.7397
