1 1787874853.4743 1787874853.7564
2 1787874855.8052 1787874855.9639
3 1787874858.0011 1787874858.1531
4 1787874860.1940 1787874860.4011
5 1787874862.4724 1787874862.8147
6 1787874864.8672 1787874865.0256
7 1787874867.0743 1787874867.2817
8 1787874869.3180 1787874869.6199
9 1787874871.6768 1787874871.8231
10 1787874873.8776 1787874874.0248
11 1787874876.0684 1787874876.2592
12 1787874878.3049 1787874878.5943
13 1787874880.6567 1787874880.9360
14 1787874882.9946 1787874883.2795
15 1787874885.3308 1787874885.7363
16 1787874887.8059 1787874888.0098
17 1787874890.0892 1787874890.3658
18 1787874892.4370 1787874893.2217
19 1787874895.2653 1787874895.4428
20 1787874897.4928 1787874897.6753
21 1787874899.7598 1787874899.9403
22 1787874901.9777 1787874902.1368
23 1787874904.1912 1787874904.4064
24 1787874906.4538 1787874906.6515
25 1787874908.7638 1787874909.3017
26 1787874911.3450 1787874911.5107
27 1787874913.5709 1787874913.8567
28 1787874915.9254 1787874916.1201
29 1787874918.1570 1787874918.4287
30 1787874920.5040 1787874920.9774
31 1787874923.0197 1787874923.1869
32 1787874925.2367 1787874925.4306
33 1787874927.4685 1787874927.7105
34 1787874929.7772 1787874930.0485
35 1787874932.0979 1787874932.2477
36 1787874934.2840 1787874934.5582
37 1787874936.6014 1787874936.8289
38 1787874938.8966 1787874939.1857
39 1787874941.2349 1787874941.5883
40 1787874943.6407 1787874943.8441
41 1787874945.8910 1787874946.1345
42 1787874948.1773 1787874948.3679
43 1787874950.4306 1787874950.8136
44 1787874952.8969 1787874953.2147
45 1787874955.2516 1787874955.8833
46 1787874957.9485 1787874958.2764
47 1787874960.3375 1787874960.6869
