1 1787874532.9831 1787874533.1779
2 1787874535.2284 1787874535.4796
3 1787874537.5532 1787874537.8100
4 1787874539.8617 1787874539.9913
5 1787874542.0465 1787874542.2189
6 1787874544.2663 1787874544.4632
7 1787874546.5132 1787874546.6442
8 1787874548.6799 1787874548.8030
9 1787874550.8430 1787874550.9746
10 1787874553.0238 1787874553.1781
11 1787874555.2333 1787874555.3730
12 1787874557.4154 1787874557.6325
13 1787874559.6834 1787874559.8822
14 1787874561.9268 1787874562.0505
15 1787874564.0921 1787874564.2254
16 1787874566.2693 1787874566.3934
17 1787874568.4431 1787874568.6548
18 1787874570.7053 1787874570.8434
19 1787874573.0038 1787874573.2757
20 1787874575.3301 1787874575.5090
21 1787874577.5524 1787874577.6797
22 1787874579.7532 1787874580.1026
23 1787874582.1835 1787874582.6914
24 1787874584.7767 1787874585.0382
25 1787874587.0860 1787874587.2159
26 1787874589.2619 1787874589.7471
27 1787874591.8017 1787874591.9139
28 1787874593.9676 1787874594.1274
29 1787874596.1578 1787874596.2658
30 1787874598.3097 1787874598.7780
31 1787874600.8771 1787874601.2275
32 1787874603.2619 1787874603.4177
33 1787874605.4751 1787874605.8723
34 1787874607.9186 1787874608.1006
35 1787874610.1638 1787874611.5108
36 1787874613.5929 1787874613.8835
37 1787874615.9650 1787874616.1102
38 1787874618.1540 1787874618.3137
39 1787874620.3669 1787874620.6682
40 1787874622.7126 1787874622.8105
41 1787874624.8484 1787874624.9692
42 1787874627.0066 1787874627.1128
43 1787874629.1529 1787874629.2878
44 1787874631.3413 1787874631.5363
45 1787874633.5956 1787874633.7380
46 1787874635.7785 1787874635.9062
47 1787874637.9495 1787874638.1390
