1 1787877510.9058 1787877512.1672
2 1787877514.3135 1787877514.9024
3 1787877517.0310 1787877518.6645
4 1787877520.7920 1787877522.0748
5 1787877524.1489 1787877524.3743
6 1787877526.4450 1787877526.6521
7 1787877528.6929 1787877528.8912
8 1787877530.9444 1787877531.3008
9 1787877533.3716 1787877533.6859
10 1787877535.7359 1787877535.9146
11 1787877537.9534 1787877538.1307
12 1787877540.2105 1787877540.3688
13 1787877542.4343 1787877542.6335
14 1787877544.6866 1787877544.9244
15 1787877546.9836 1787877547.2979
16 1787877549.3855 1787877549.7283
17 1787877551.7637 1787877551.9233
18 1787877553.9804 1787877554.2188
19 1787877556.2569 1787877556.3875
20 1787877558.4459 1787877558.5779
21 1787877560.6257 1787877560.7859
22 1787877562.8207 1787877562.9532
23 1787877564.9925 1787877565.1937
24 1787877567.2494 1787877567.3883
25 1787877569.4436 1787877569.6447
26 1787877571.6870 1787877571.8283
27 1787877573.8748 1787877573.9989
28 1787877576.0457 1787877576.2201
29 1787877578.2501 1787877578.3837
30 1787877580.4191 1787877580.5520
31 1787877582.6141 1787877582.8441
32 1787877584.9249 1787877585.0792
33 1787877587.1230 1787877587.2970
34 1787877589.3483 1787877589.5100
35 1787877591.5482 1787877591.7073
36 1787877593.7444 1787877593.9256
37 1787877595.9667 1787877596.1096
38 1787877598.1511 1787877598.3834
39 1787877600.4251 1787877600.6426
40 1787877602.6752 1787877602.8146
41 1787877604.8650 1787877605.0792
42 1787877607.1252 1787877607.4030
43 1787877609.4535 1787877609.7377
44 1787877611.7906 1787877611.9650
45 1787877614.0983 1787877614.2672
46 1787877616.3394 1787877616.6739
