1 1787877143.9318 1787877144.0568
2 1787877146.0983 1787877146.1952
3 1787877148.2311 1787877148.3203
4 1787877150.3606 1787877150.5036
5 1787877152.5698 1787877152.7044
6 1787877154.7384 1787877154.8359
7 1787877156.8673 1787877156.9803
8 1787877159.0215 1787877159.1111
9 1787877161.1453 1787877161.2666
10 1787877163.3068 1787877163.4537
11 1787877165.4964 1787877165.6361
12 1787877167.6687 1787877167.8069
13 1787877169.9907 1787877170.4573
14 1787877172.5534 1787877172.8195
15 1787877174.8635 1787877174.9694
16 1787877177.0098 1787877177.1358
17 1787877179.1780 1787877179.2834
18 1787877181.3170 1787877181.4049
19 1787877183.4423 1787877183.5332
20 1787877185.5635 1787877185.6547
21 1787877187.6919 1787877187.8256
22 1787877189.8574 1787877189.9425
23 1787877191.9873 1787877192.0907
24 1787877194.1266 1787877194.2351
25 1787877196.2898 1787877196.8455
26 1787877198.8990 1787877199.0407
27 1787877201.0799 1787877201.1730
28 1787877203.2111 1787877203.3273
29 1787877205.3694 1787877205.4756
30 1787877207.5129 1787877207.6067
31 1787877209.6476 1787877209.7584
32 1787877211.8114 1787877211.9768
33 1787877214.0203 1787877214.1696
34 1787877216.2274 1787877216.3236
35 1787877218.3696 1787877218.4830
36 1787877220.5201 1787877220.6072
37 1787877222.6524 1787877222.9438
38 1787877225.0059 1787877225.1089
39 1787877227.1563 1787877227.2448
40 1787877229.2772 1787877229.3827
41 1787877231.4295 1787877231.5688
42 1787877233.6266 1787877233.7642
43 1787877235.8203 1787877235.9626
44 1787877238.0621 1787877238.2197
45 1787877240.2777 1787877240.4322
46 1787877242.4774 1787877242.6045
47 1787877244.6382 1787877244.7662
48 1787877246.8063 1787877246.8993
49 1787877248.9455 1787877249.0709
