1 1787871872.4860 1787871872.7258
2 1787871874.7939 1787871874.9741
3 1787871877.0315 1787871877.2178
4 1787871879.2665 1787871879.4423
5 1787871881.4882 1787871881.6564
6 1787871883.7255 1787871883.9028
7 1787871885.9446 1787871886.0769
8 1787871888.1150 1787871888.2998
9 1787871890.3415 1787871890.5099
10 1787871892.5897 1787871892.8017
11 1787871894.8700 1787871895.1904
12 1787871897.2649 1787871897.4773
13 1787871899.5604 1787871899.7972
14 1787871901.8969 1787871902.1761
15 1787871904.2281 1787871904.3981
16 1787871906.4505 1787871906.6522
17 1787871908.7169 1787871908.9503
18 1787871911.0186 1787871911.1984
19 1787871913.2390 1787871913.4151
20 1787871915.4844 1787871915.7093
21 1787871917.7614 1787871917.9409
22 1787871919.9949 1787871920.1915
23 1787871922.2348 1787871922.4730
24 1787871924.5252 1787871924.7442
25 1787871926.8325 1787871927.0345
26 1787871929.0901 1787871929.2488
27 1787871931.2947 1787871931.4737
28 1787871933.5363 1787871933.7097
29 1787871935.7778 1787871935.9864
30 1787871938.0285 1787871938.1486
31 1787871940.1934 1787871940.2967
32 1787871942.3391 1787871942.5039
33 1787871944.5443 1787871944.7694
34 1787871946.8942 1787871947.2699
35 1787871949.3284 1787871949.5845
36 1787871951.6280 1787871951.9105
37 1787871953.9706 1787871954.1468
38 1787871956.2052 1787871956.3455
39 1787871958.4320 1787871958.5716
40 1787871960.6131 1787871960.8013
41 1787871962.8522 1787871962.9700
42 1787871964.9994 1787871965.1084
43 1787871967.1578 1787871967.3196
44 1787871969.3707 1787871969.5502
45 1787871971.5837 1787871971.7743
46 1787871973.8319 1787871974.0726
47 1787871976.1514 1787871976.4229
48 1787871978.5001 1787871978.7077
