1 1787871489.7816 1787871489.9782
2 1787871492.0177 1787871492.1837
3 1787871494.2314 1787871494.3827
4 1787871496.4450 1787871496.6657
5 1787871498.7194 1787871498.9341
6 1787871500.9812 1787871501.1804
7 1787871503.2325 1787871503.4033
8 1787871505.4439 1787871505.8473
9 1787871507.8788 1787871508.0308
10 1787871510.0810 1787871510.2668
11 1787871512.3088 1787871512.4766
12 1787871514.5145 1787871514.6856
13 1787871516.7251 1787871516.9169
14 1787871518.9517 1787871519.1155
15 1787871521.1486 1787871521.4772
16 1787871523.5333 1787871523.7866
17 1787871525.8358 1787871526.0065
18 1787871528.0351 1787871528.2079
19 1787871530.2662 1787871530.5630
20 1787871532.6072 1787871532.7903
21 1787871534.8386 1787871534.9888
22 1787871537.0328 1787871537.2169
23 1787871539.2709 1787871539.5379
24 1787871541.5805 1787871541.9147
25 1787871543.9612 1787871544.1007
26 1787871546.1369 1787871546.3349
27 1787871548.3786 1787871548.5582
28 1787871550.6044 1787871550.7771
29 1787871552.8374 1787871553.0336
30 1787871555.0776 1787871555.2477
31 1787871557.2837 1787871557.4814
32 1787871559.5336 1787871559.6810
33 1787871561.7199 1787871561.9072
34 1787871563.9468 1787871564.1528
35 1787871566.2273 1787871566.5033
36 1787871568.5465 1787871568.7287
37 1787871570.7799 1787871570.9973
38 1787871573.0367 1787871573.1514
39 1787871575.1827 1787871575.3219
40 1787871577.3624 1787871577.4771
41 1787871579.5083 1787871579.6916
42 1787871581.7209 1787871581.9039
43 1787871583.9375 1787871584.0833
44 1787871586.1203 1787871586.2327
45 1787871588.2778 1787871588.4152
46 1787871590.4668 1787871590.6421
47 1787871592.6926 1787871592.9904
48 1787871595.0382 1787871595.1917
