1 1787870585.1503 1787870585.3426
2 1787870587.4171 1787870587.7001
3 1787870589.7445 1787870589.8954
4 1787870591.9321 1787870592.0893
5 1787870594.1291 1787870594.2741
6 1787870596.3090 1787870596.6968
7 1787870598.7335 1787870598.9760
8 1787870601.0216 1787870601.1715
9 1787870603.2149 1787870603.3557
10 1787870605.4237 1787870606.0023
11 1787870608.0459 1787870608.2352
12 1787870610.2676 1787870610.4537
13 1787870612.5025 1787870612.6924
14 1787870614.7329 1787870614.9180
15 1787870616.9752 1787870617.1558
16 1787870619.1981 1787870619.3255
17 1787870621.3652 1787870621.5958
18 1787870623.6313 1787870623.7947
19 1787870625.8400 1787870626.0331
20 1787870628.0737 1787870628.2318
21 1787870630.2669 1787870630.6527
22 1787870632.7247 1787870633.0866
23 1787870635.1250 1787870635.3011
24 1787870637.3476 1787870637.5354
25 1787870639.5879 1787870639.8070
26 1787870641.8401 1787870641.9934
27 1787870644.0423 1787870644.2677
28 1787870646.3026 1787870646.5251
29 1787870648.5771 1787870648.8187
30 1787870651.0263 1787870651.3799
31 1787870653.4630 1787870654.2529
32 1787870656.3564 1787870658.3135
33 1787870660.4149 1787870661.1683
34 1787870663.2591 1787870663.5771
35 1787870665.6454 1787870665.8333
36 1787870667.8752 1787870668.0097
37 1787870670.0773 1787870670.2705
38 1787870672.3154 1787870672.4635
39 1787870674.5164 1787870674.6902
40 1787870676.7443 1787870676.8746
41 1787870678.9356 1787870679.0669
42 1787870681.1046 1787870681.2258
43 1787870683.2609 1787870683.3872
44 1787870685.4519 1787870685.6170
45 1787870687.6572 1787870687.8577
46 1787870689.8937 1787870690.0457
