1 1787870940.7441 1787870941.0523
2 1787870943.1046 1787870943.3354
3 1787870945.4133 1787870945.5807
4 1787870947.6281 1787870947.7823
5 1787870949.8159 1787870949.9669
6 1787870952.0020 1787870952.1508
7 1787870954.1890 1787870954.3042
8 1787870956.3395 1787870956.4798
9 1787870958.5238 1787870958.7094
10 1787870960.7508 1787870960.8734
11 1787870962.9238 1787870963.0471
12 1787870965.0880 1787870965.2248
13 1787870967.2795 1787870967.5002
14 1787870969.5483 1787870969.6740
15 1787870971.7216 1787870971.8544
16 1787870973.8993 1787870974.0622
17 1787870976.0960 1787870976.2118
18 1787870978.2505 1787870978.3803
19 1787870980.4374 1787870980.6110
20 1787870982.6590 1787870982.7803
21 1787870984.8206 1787870984.9578
22 1787870987.0146 1787870987.2455
23 1787870989.2950 1787870989.4812
24 1787870991.5805 1787870991.7564
25 1787870993.8021 1787870993.9206
26 1787870995.9690 1787870996.1287
27 1787870998.1772 1787870998.2824
28 1787871000.3464 1787871000.5593
29 1787871002.6126 1787871002.7433
30 1787871004.8309 1787871004.9844
31 1787871007.0380 1787871007.1774
32 1787871009.3660 1787871010.0110
33 1787871012.0988 1787871012.4908
34 1787871014.5446 1787871014.7358
35 1787871016.7779 1787871016.8970
36 1787871018.9470 1787871019.0867
37 1787871021.1446 1787871021.3180
38 1787871023.3576 1787871023.4823
39 1787871025.5223 1787871025.6712
40 1787871027.7174 1787871027.8368
41 1787871029.8852 1787871030.0656
42 1787871032.1171 1787871032.2501
43 1787871034.2876 1787871034.4072
44 1787871036.4540 1787871036.5839
45 1787871038.6246 1787871038.7666
46 1787871040.8114 1787871040.9816
47 1787871043.0263 1787871043.1964
48 1787871045.2504 1787871045.4656
49 1787871047.5347 1787871047.7834
