1 1787872037.9161 1787872038.0741
2 1787872040.1230 1787872040.2437
3 1787872042.2878 1787872042.3939
4 1787872044.4421 1787872044.5595
5 1787872046.6084 1787872046.7457
6 1787872048.7777 1787872048.9000
7 1787872050.9379 1787872051.0561
8 1787872053.0925 1787872053.2104
9 1787872055.2476 1787872055.3763
10 1787872057.4239 1787872057.5452
11 1787872059.5961 1787872059.7278
12 1787872061.7659 1787872061.8829
13 1787872063.9280 1787872064.0453
14 1787872066.0827 1787872066.1856
15 1787872068.2235 1787872068.3351
16 1787872070.3993 1787872070.5872
17 1787872072.6215 1787872072.7282
18 1787872074.7582 1787872074.8665
19 1787872076.9375 1787872077.1345
20 1787872079.1706 1787872079.2959
21 1787872081.3583 1787872081.5143
22 1787872083.5529 1787872083.6820
23 1787872085.7246 1787872085.8738
24 1787872088.2573 1787872089.4389
25 1787872091.5708 1787872091.8349
26 1787872093.9128 1787872094.1300
27 1787872096.1724 1787872096.2608
28 1787872098.3048 1787872098.4223
29 1787872100.4561 1787872100.5475
30 1787872102.5910 1787872102.6773
31 1787872104.7081 1787872104.7901
32 1787872106.8271 1787872106.9353
33 1787872108.9761 1787872109.1742
34 1787872111.2117 1787872111.3146
35 1787872113.3576 1787872113.4611
36 1787872115.4931 1787872115.5756
37 1787872117.6185 1787872117.7281
38 1787872119.7642 1787872119.8672
39 1787872121.9051 1787872122.0381
40 1787872124.0862 1787872124.1904
41 1787872126.2256 1787872126.3103
42 1787872128.3464 1787872128.4776
43 1787872130.5354 1787872130.6559
44 1787872132.6973 1787872132.7873
45 1787872134.8217 1787872134.9100
46 1787872136.9500 1787872137.0496
47 1787872139.1014 1787872139.2900
48 1787872141.3294 1787872141.4581
49 1787872143.5075 1787872143.7974
