1 1787870392.0299 1787870392.5485
2 1787870394.5883 1787870394.7077
3 1787870396.7468 1787870396.9082
4 1787870398.9439 1787870399.0646
5 1787870401.0989 1787870401.2872
6 1787870403.3272 1787870403.4755
7 1787870405.5194 1787870405.6883
8 1787870407.7217 1787870407.8986
9 1787870409.9348 1787870410.0546
10 1787870412.1040 1787870412.2568
11 1787870414.3136 1787870414.4763
12 1787870416.5123 1787870416.6358
13 1787870418.6635 1787870418.8733
14 1787870420.9127 1787870421.0599
15 1787870423.0981 1787870423.2250
16 1787870425.2677 1787870425.4632
17 1787870427.5131 1787870427.6834
18 1787870429.7223 1787870429.8502
19 1787870431.8976 1787870432.1312
20 1787870434.2328 1787870434.4360
21 1787870436.5201 1787870436.6804
22 1787870438.7129 1787870438.8216
23 1787870440.8572 1787870440.9704
24 1787870443.0066 1787870443.1320
25 1787870445.1687 1787870445.3316
26 1787870447.3710 1787870447.6844
27 1787870449.7154 1787870449.8710
28 1787870451.9217 1787870452.1310
29 1787870454.1665 1787870454.2909
30 1787870456.3278 1787870456.4860
31 1787870458.5334 1787870458.7224
32 1787870460.7668 1787870460.9223
33 1787870462.9753 1787870463.1454
34 1787870465.1856 1787870465.3521
35 1787870467.3883 1787870467.5497
36 1787870469.5814 1787870469.6994
37 1787870471.7306 1787870471.8688
38 1787870473.9032 1787870474.0371
39 1787870476.0998 1787870476.3065
40 1787870478.3536 1787870478.5728
41 1787870480.6118 1787870480.7566
42 1787870482.8048 1787870482.9611
43 1787870485.0060 1787870485.1495
44 1787870487.1892 1787870487.3333
45 1787870489.3702 1787870489.5253
46 1787870491.5712 1787870491.7582
47 1787870493.8104 1787870494.0679
48 1787870496.1252 1787870496.3175
49 1787870498.3697 1787870498.7455
