1 1787870753.1052 1787870753.2896
2 1787870755.3514 1787870755.5025
3 1787870757.5419 1787870757.6710
4 1787870759.7196 1787870759.8315
5 1787870761.8678 1787870761.9714
6 1787870764.0064 1787870764.1116
7 1787870766.1460 1787870766.2574
8 1787870768.2980 1787870768.4842
9 1787870770.5572 1787870770.6656
10 1787870772.7134 1787870772.8685
11 1787870774.9099 1787870775.0239
12 1787870777.0735 1787870777.3237
13 1787870779.4044 1787870779.6240
14 1787870781.6662 1787870781.8084
15 1787870783.8515 1787870783.9521
16 1787870785.9973 1787870786.1117
17 1787870788.1563 1787870788.2673
18 1787870790.3059 1787870790.4512
19 1787870792.4971 1787870792.6502
20 1787870794.6989 1787870794.8445
21 1787870796.8908 1787870797.0007
22 1787870799.0497 1787870799.1777
23 1787870801.2094 1787870801.3089
24 1787870803.3458 1787870803.4954
25 1787870805.5483 1787870805.6933
26 1787870807.7322 1787870807.8517
27 1787870809.8858 1787870809.9858
28 1787870812.0208 1787870812.1191
29 1787870814.1609 1787870814.2636
30 1787870816.3011 1787870816.3969
31 1787870818.4430 1787870818.5702
32 1787870820.6081 1787870820.7241
33 1787870822.7629 1787870822.8913
34 1787870824.9271 1787870825.0226
35 1787870827.0601 1787870827.1657
36 1787870829.2103 1787870829.3388
37 1787870831.3810 1787870831.4996
38 1787870833.5656 1787870833.7854
39 1787870835.8419 1787870835.9730
40 1787870838.0117 1787870838.1249
41 1787870840.1630 1787870840.2675
42 1787870842.3059 1787870842.4824
43 1787870844.5352 1787870844.7593
44 1787870846.7964 1787870846.9264
45 1787870848.9627 1787870849.0656
46 1787870851.1193 1787870851.2344
47 1787870853.2760 1787870853.4037
48 1787870855.4808 1787870855.9371
49 1787870858.0132 1787870858.3400
