1 1787871669.1283 1787871669.5858
2 1787871671.6175 1787871671.7432
3 1787871673.7725 1787871673.8825
4 1787871675.9172 1787871676.0331
5 1787871678.0896 1787871678.2056
6 1787871680.2492 1787871680.3944
7 1787871682.4384 1787871682.5507
8 1787871684.5823 1787871684.7062
9 1787871686.7431 1787871686.8770
10 1787871688.9160 1787871689.1176
11 1787871691.1702 1787871691.3194
12 1787871693.3705 1787871693.4952
13 1787871695.5395 1787871695.6554
14 1787871697.6867 1787871697.8005
15 1787871699.8676 1787871700.2332
16 1787871702.2816 1787871702.4571
17 1787871704.4944 1787871704.7121
18 1787871706.7453 1787871706.8553
19 1787871708.8977 1787871709.0312
20 1787871711.0800 1787871711.2820
21 1787871713.3378 1787871713.4696
22 1787871715.5022 1787871715.6144
23 1787871717.6555 1787871717.7679
24 1787871719.8020 1787871719.9152
25 1787871721.9516 1787871722.0978
26 1787871724.1328 1787871724.2411
27 1787871726.2715 1787871726.4175
28 1787871728.4871 1787871728.8227
29 1787871730.8582 1787871731.0194
30 1787871733.0504 1787871733.2347
31 1787871735.2647 1787871735.3788
32 1787871737.4158 1787871737.5543
33 1787871739.6014 1787871739.7268
34 1787871741.7661 1787871741.9100
35 1787871743.9429 1787871744.0438
36 1787871746.0815 1787871746.2272
37 1787871748.2598 1787871748.3771
38 1787871750.4170 1787871750.5916
39 1787871752.6242 1787871752.8182
40 1787871754.8556 1787871754.9841
41 1787871757.0176 1787871757.1387
42 1787871759.1786 1787871759.3003
43 1787871761.3382 1787871761.4668
44 1787871763.5005 1787871763.6123
45 1787871765.6439 1787871765.7692
46 1787871767.7985 1787871767.9203
47 1787871769.9548 1787871770.0950
48 1787871772.1406 1787871772.2756
49 1787871774.3184 1787871774.5538
